NATIVEQ_BACKEND_GUARD action=ALLOW_LEARNED reasons=0 decision=/home/ma/AQUA-FE_WS/logs/backend_contract_decisions/nativeq_guard_20260806T203058Z_663638_decision.json
native-q backend contract PASS; decision=/home/ma/AQUA-FE_WS/logs/backend_contract_decisions/nativeq_guard_20260806T203058Z_663638_decision.json
loading weights from: /mnt/data/AQUA-FE_WS/external_tools/accelerated_features/weights/xfeat.pt
wrote 450 feature frames to /home/ma/AQUA-FE_WS/logs/aqualoc_real_vins/external_hybrid_xfeat_every2_isj_p07_aqualoc_harbor_h06_0000_p_attempt01_probe_oldcontract_densecap/features.bag
feature span: 44.919s
backend quality: mode=vins_safe floor=0.800 alpha=0.650
RUN_VINS=0, skipping VINS for /home/ma/AQUA-FE_WS/logs/aqualoc_real_vins/external_hybrid_xfeat_every2_isj_p07_aqualoc_harbor_h06_0000_p_attempt01_probe_oldcontract_densecap
run_dir=/home/ma/AQUA-FE_WS/logs/aqualoc_real_vins/external_hybrid_xfeat_every2_isj_p07_aqualoc_harbor_h06_0000_p_attempt01_probe_oldcontract_densecap
raw_bag=/home/ma/AQUA-FE_WS/datasets/aqualoc/rosbags/harbor06_0_900.bag
play_bag=/home/ma/AQUA-FE_WS/logs/aqualoc_real_vins/external_hybrid_xfeat_every2_isj_p07_aqualoc_harbor_h06_0000_p_attempt01_probe_oldcontract_densecap/features.bag
wrote 450 feature frames to /home/ma/AQUA-FE_WS/logs/aqualoc_real_vins/external_klt_every2_isj_p07_aqualoc_harbor_h06_0000_p_attempt01_klt_safe_fallback/features.bag
feature span: 44.919s
backend quality: mode=vins_safe floor=0.800 alpha=0.650
RUN_VINS=0, skipping VINS for /home/ma/AQUA-FE_WS/logs/aqualoc_real_vins/external_klt_every2_isj_p07_aqualoc_harbor_h06_0000_p_attempt01_klt_safe_fallback
run_dir=/home/ma/AQUA-FE_WS/logs/aqualoc_real_vins/external_klt_every2_isj_p07_aqualoc_harbor_h06_0000_p_attempt01_klt_safe_fallback
raw_bag=/home/ma/AQUA-FE_WS/datasets/aqualoc/rosbags/harbor06_0_900.bag
play_bag=/home/ma/AQUA-FE_WS/logs/aqualoc_real_vins/external_klt_every2_isj_p07_aqualoc_harbor_h06_0000_p_attempt01_klt_safe_fallback/features.bag
dataset_family=aqualoc_real
profile=klt_safe_fallback
seedchain_profile=lineage_early_seed_scan
probe_warmup_frames=0
degraded_mature_dense_recovery=0
degraded_mature_dense_vins_td=-0.033694112369382575
degraded_mature_dense_play_rate=1.0
ordinary_visible_gate=1
ordinary_post_quality_cap_per_frame=8
ordinary_microburst_extend_frames=6
ordinary_microburst_extend_min_initial_observations=6
ordinary_microburst_max_restarts=0
ordinary_effective_seedchain_profile=lineage_early_seed_scan
ordinary_effective_microburst_extend_frames=6
ordinary_effective_microburst_extend_min_initial_observations=6
ordinary_lineage_min_age=5
ordinary_lineage_max_per_frame=2
ordinary_lineage_continuation=1
ordinary_lineage_separate_budget=1
ordinary_lineage_max_observations=12
ordinary_visible_min_frames=5
ordinary_effective_visible_min_frames=5
ordinary_visible_max_gap=1
ordinary_visible_max_mean_step_px=6.5
ordinary_visible_min_count_per_frame=2
ordinary_visible_motion_degraded_only=1
ordinary_visible_motion_min_frame=9
ordinary_visible_min_count_min_classical_grid=0.85
ordinary_effective_warmup_frames=0
final_effective_seedchain_profile=klt
final_effective_post_quality_cap_per_frame=0
final_effective_microburst_extend_frames=0
final_effective_microburst_extend_min_initial_observations=0
final_effective_microburst_max_restarts=0
final_effective_lineage_continuation=0
final_effective_lineage_separate_budget=0
final_effective_lineage_max_observations=0
final_effective_visible_gate=0
final_effective_visible_min_frames=0
final_effective_warmup_frames=0
dense_cap_hits=0
probe_xfeat_total=0
probe_xfeat_frames=0
probe_xfeat_max_per_frame=0
probe_first_xfeat_frame=none
probe_last_xfeat_frame=none
probe_earliest_xfeat_median_klt_age=none
probe_earliest_xfeat_export_age=none
probe_min_classical_grid_on_xfeat_frames=none
probe_candidate_sum_on_xfeat_frames=0
probe_confirmed_sum_on_xfeat_frames=0
probe_pre_basic_sum_on_xfeat_frames=0
probe_support_sum_on_xfeat_frames=0
probe_geometry_counts_on_xfeat_frames=none
probe_seed_xfeat_total=0
probe_seed_xfeat_frames=0
probe_seed_xfeat_max_per_frame=0
probe_seed_support_sum_on_xfeat_frames=0
probe_seed_geometry_counts_on_xfeat_frames=none
probe_late_xfeat_total=0
oldcontract_count_scope=all
oldcontract_min_first_xfeat_frame=2
oldcontract_max_first_xfeat_frame=4
oldcontract_min_candidate_sum=0
oldcontract_min_xfeat_sum=3
oldcontract_min_support_sum=5
oldcontract_min_xfeat_frames=2
oldcontract_max_xfeat_sum=14
oldcontract_max_xfeat_per_frame=6
oldcontract_earliest_max_median_klt_age=2.0
oldcontract_max_classical_grid=0.75
oldcontract_max_late_xfeat_sum=0
degraded_strong_seed_allow_late=1
degraded_strong_seed_min_seed_xfeat=8
degraded_strong_seed_min_seed_support=15
degraded_strong_seed_max_late_xfeat=5
degraded_strong_seed_max_total_xfeat=14
degraded_strong_seed_geometry=0
degraded_strong_seed_late_override=0
normal_geometry_require_mature_xfeat=1
normal_geometry_min_first_xfeat_age=4.0
normal_geometry_xfeat=0
normal_geometry_guard_active=0
degraded_early_require_mature_xfeat=1
degraded_early_max_first_xfeat_frame=2
degraded_early_min_first_xfeat_age=4.0
degraded_early_guard_active=0
mature_lineage_allow=1
mature_lineage_min_first_xfeat_frame=5
mature_lineage_max_first_xfeat_frame=12
mature_lineage_max_span_frames=4
mature_lineage_min_xfeat_sum=12
mature_lineage_max_xfeat_sum=20
mature_lineage_min_xfeat_frames=3
mature_lineage_max_xfeat_per_frame=8
mature_lineage_min_support_sum=24
mature_lineage_min_first_xfeat_age=4.0
mature_lineage_require_normal_geometry=1
mature_lineage_span_frames=-1
mature_lineage_geometry_ok=0
mature_lineage_age_ok=0
mature_lineage_signature=0
degraded_mature_dense_allow=0
degraded_mature_dense_min_first_xfeat_frame=5
degraded_mature_dense_max_first_xfeat_frame=6
degraded_mature_dense_max_span_frames=6
degraded_mature_dense_min_xfeat_sum=40
degraded_mature_dense_max_xfeat_sum=50
degraded_mature_dense_min_xfeat_frames=6
degraded_mature_dense_max_xfeat_per_frame=9
degraded_mature_dense_min_support_sum=10
degraded_mature_dense_min_first_xfeat_age=4.0
degraded_mature_dense_max_classical_grid=0.75
degraded_mature_dense_require_degraded_geometry=1
degraded_mature_dense_min_low_grid_fraction=0.5
degraded_mature_dense_low_grid_frames=0
degraded_mature_dense_low_grid_fraction=0.0
degraded_mature_dense_age_ok=0
degraded_mature_dense_grid_ok=0
degraded_mature_dense_geometry_ok=0
degraded_mature_dense_signature=0
degraded_early_dense_allow=1
degraded_early_dense_min_first_xfeat_frame=2
degraded_early_dense_max_first_xfeat_frame=2
degraded_early_dense_max_span_frames=5
degraded_early_dense_min_xfeat_sum=45
degraded_early_dense_max_xfeat_sum=55
degraded_early_dense_min_xfeat_frames=6
degraded_early_dense_max_xfeat_per_frame=12
degraded_early_dense_min_support_sum=35
degraded_early_dense_min_first_xfeat_age=2.5
degraded_early_dense_max_first_xfeat_age=3.5
degraded_early_dense_min_classical_grid=0.8
degraded_early_dense_max_classical_grid=0.86
degraded_early_dense_min_degraded_frames=2
degraded_early_dense_min_planar_frames=2
degraded_early_dense_require_mixed_only=1
degraded_early_dense_age_ok=0
degraded_early_dense_grid_ok=0
degraded_early_dense_geometry_ok=0
degraded_early_dense_signature=0
degraded_early_long_allow=1
degraded_early_long_min_first_xfeat_frame=2
degraded_early_long_max_first_xfeat_frame=2
degraded_early_long_min_span_frames=9
degraded_early_long_max_span_frames=12
degraded_early_long_min_xfeat_sum=35
degraded_early_long_max_xfeat_sum=45
degraded_early_long_min_xfeat_frames=10
degraded_early_long_max_xfeat_per_frame=8
degraded_early_long_min_support_sum=80
degraded_early_long_min_first_xfeat_age=4.5
degraded_early_long_max_first_xfeat_age=5.5
degraded_early_long_max_classical_grid=0.67
degraded_early_long_require_all_degraded=1
degraded_early_long_age_ok=0
degraded_early_long_grid_ok=0
degraded_early_long_geometry_ok=1
degraded_early_long_signature=0
degraded_early_sparse_mature_allow=1
degraded_early_sparse_mature_first_xfeat_frame=2
degraded_early_sparse_mature_last_xfeat_frame=4
degraded_early_sparse_mature_xfeat_sum=3
degraded_early_sparse_mature_xfeat_frames=3
degraded_early_sparse_mature_max_xfeat_per_frame=1
degraded_early_sparse_mature_min_support_sum=10
degraded_early_sparse_mature_min_first_xfeat_age=4.5
degraded_early_sparse_mature_max_first_xfeat_age=5.5
degraded_early_sparse_mature_min_classical_grid=0.74
degraded_early_sparse_mature_max_classical_grid=0.76
degraded_early_sparse_mature_require_all_degraded=1
degraded_early_sparse_mature_age_ok=0
degraded_early_sparse_mature_grid_ok=0
degraded_early_sparse_mature_geometry_ok=1
degraded_early_sparse_mature_signature=0
late_dense_normal_allow=1
late_dense_normal_min_first_xfeat_frame=35
late_dense_normal_max_first_xfeat_frame=45
late_dense_normal_min_span_frames=8
late_dense_normal_max_span_frames=12
late_dense_normal_min_xfeat_sum=45
late_dense_normal_max_xfeat_sum=55
late_dense_normal_min_xfeat_frames=9
late_dense_normal_max_xfeat_per_frame=12
late_dense_normal_min_first_xfeat_age=2.5
late_dense_normal_max_first_xfeat_age=3.5
late_dense_normal_min_classical_grid=0.79
late_dense_normal_max_classical_grid=0.8
late_dense_normal_require_all_normal=1
late_dense_normal_age_ok=0
late_dense_normal_grid_ok=0
late_dense_normal_geometry_ok=1
late_dense_normal_signature=0
low_grid_rejected_rich_allow=1
low_grid_rejected_rich_max_frame=15
low_grid_rejected_rich_candidate_sum=0
low_grid_rejected_rich_confirmed_sum=0
low_grid_rejected_rich_basic_sum=0
low_grid_rejected_rich_reject_frames=0
low_grid_rejected_rich_degraded_frames=0
low_grid_rejected_rich_signature=0
oldcontract_signature=0
oldcontract_passes_first_frame=0
oldcontract_passes_min_strength=0
oldcontract_passes_min_support=0
oldcontract_passes_frame_spread=0
oldcontract_passes_max_total=1
oldcontract_passes_max_per_frame=1
oldcontract_passes_classical_grid=0
oldcontract_passes_earliest_age_guard=1
oldcontract_passes_max_late_total=1
oldcontract_passes_normal_geometry_maturity=1
oldcontract_passes_degraded_early_maturity=1
oldcontract_fail_reasons=first_frame,min_strength,min_support,frame_spread,classical_grid
probe_run=/home/ma/AQUA-FE_WS/logs/aqualoc_real_vins/external_hybrid_xfeat_every2_isj_p07_aqualoc_harbor_h06_0000_p_attempt01_probe_oldcontract_densecap
final_run=/home/ma/AQUA-FE_WS/logs/aqualoc_real_vins/external_klt_every2_isj_p07_aqualoc_harbor_h06_0000_p_attempt01_klt_safe_fallback
feature_bag=/home/ma/AQUA-FE_WS/logs/aqualoc_real_vins/external_klt_every2_isj_p07_aqualoc_harbor_h06_0000_p_attempt01_klt_safe_fallback/features.bag
